=====================================

The add_integer module test file.

=====================================

>>> add_integer = __import__('0-add_integer').add_integer

>>> add_integer(2, 4)
6

>>> add_integer("Cat", 6)
Traceback (most recent call last):
TypeError: a must be an integer

>>> add_integer(12, 'Dog')
Traceback (most recent call last):
TypeError: b must be an integer

>>> add_integer(None)
Traceback (most recent call last):
TypeError: a must be an integer

>>> add_integer()
Traceback (most recent call last):
TypeError: add_integer() missing 1 required positional argument: 'a'

>>> add_integer(1000e1000)
Traceback (most recent call last):
OverflowError: cannot convert float infinity to integer

>>> add_integer(2.4, 4.4)
6

>>> add_integer(-1, 3)
2

