===========================
The print_square module
===========================

Using the print_square function:

Prints a square using '#'

>>> print_square = __import__('4-print_square').print_square


>>> print_square(2)
##
##


>>> print_square(-1)
Traceback (most recent call last):
ValueError: size must be >= 0


>>> print_square(2.5683)
Traceback (most recent call last):
TypeError: size must be an integer


>>> print_square(0)


>>> print_square("three")
Traceback (most recent call last):
TypeError: size must be an integer



>>> print_square(1000e1000)
Traceback (most recent call last):
TypeError: size must be an integer


>>> print_square()
Traceback (most recent call last):
TypeError: print_square() missing 1 required positional argument: 'size'
